nouvelle connexion
deconnexion